// Jest Snapshot v1, https://goo.gl/fbAQLP

exports[`Heading should render correctly 1`] = `
<View
  style={
    {
      "marginTop": 40,
    }
  }
>
  <Text
    style={
      {
        "color": "rgba(175, 47, 47, 0.25)",
        "fontSize": 72,
        "fontWeight": "100",
        "textAlign": "center",
      }
    }
  >
    todos
  </Text>
</View>
`;
